// Jest Snapshot v1, https://goo.gl/fbAQLP

exports[`all gray codes of order 4 1`] = `
Wu {
  "next": [Function],
}
`;
